---
source: crates/scribe2/tests/e2e/seat.rs
expression: form
---
usage: seat <meter --target T [--transcript PATH]|inject --target T (--text S|--file PATH)|heartbeat --target T|tick --target T --wm-dir DIR [--pointer TEXT] [--restore CMD] [--rules PATH]|cycle --target T --wm-dir DIR [--restore CMD] [--rules PATH]|externalize --target T --wm-dir DIR --anchor DIR --plan FILE --directives FILE [--user FILE] [--trigger manual|tick] [--role R] [--rules PATH]> [--tmux-socket PATH] [--capture-file PATH] [--state-dir PATH]
