---
source: crates/scribe2/tests/e2e/seat.rs
expression: form
---
usage: seat <meter --target T [--transcript PATH]|inject --target T (--text S|--file PATH)|heartbeat --target T|tick --target T --wm-dir DIR [--pointer TEXT] [--restore CMD]|cycle --target T --wm-dir DIR [--restore CMD]> [--tmux-socket PATH] [--capture-file PATH] [--state-dir PATH]
