---
source: crates/scribe2/tests/e2e/pipe.rs
expression: form
---
usage: scribe2 pipe <intake|preflight|spawn|approve|answer|gate|land|retire|run|show|resume|stop|report|dispatch> [--state-dir D] [--repo R（cwd は読まない＝--state-dir の無い周と便の写し面の無い周は要る）] [--rules PATH] [stop: --all [--reason WORDS（live な便が 2 本以上の周は要る）]|--run ID] [dispatch: (1 周)|ls|first|hold|release BEAD] [run|resume: --drive] [land: --terminal-only] [--runner CMD] [flags]
usage: scribe2 pipe land-window [--state-dir D] --repo R [--wait-s N]（pipeline 外の merge の前置: 開けば rc 0 の clear・待ちが切れれば rc 1 の busy）
usage: scribe2 pipe regate --run ID --reason WORDS [--state-dir D] [--repo R]（判定 FAIL の Gated を裁定の逐語つきで同じ worktree の Implemented へ 1 段戻す・最新の Gated につき 1 回）
usage: scribe2 pipe follow --run ID [--state-dir D] [--repo R]（終端でない便の木だけを main の先端へ載せ替えて段を Implemented へ戻す・gate は撃たない・衝突は木を戻して断る）
pipe: --run が要る
pipe: --all が要る
usage: scribe2 pipe <intake|preflight|spawn|approve|answer|gate|land|retire|run|show|resume|stop|report|dispatch> [--state-dir D] [--repo R（cwd は読まない＝--state-dir の無い周と便の写し面の無い周は要る）] [--rules PATH] [stop: --all [--reason WORDS（live な便が 2 本以上の周は要る）]|--run ID] [dispatch: (1 周)|ls|first|hold|release BEAD] [run|resume: --drive] [land: --terminal-only] [--runner CMD] [flags]
usage: scribe2 pipe land-window [--state-dir D] --repo R [--wait-s N]（pipeline 外の merge の前置: 開けば rc 0 の clear・待ちが切れれば rc 1 の busy）
usage: scribe2 pipe regate --run ID --reason WORDS [--state-dir D] [--repo R]（判定 FAIL の Gated を裁定の逐語つきで同じ worktree の Implemented へ 1 段戻す・最新の Gated につき 1 回）
usage: scribe2 pipe follow --run ID [--state-dir D] [--repo R]（終端でない便の木だけを main の先端へ載せ替えて段を Implemented へ戻す・gate は撃たない・衝突は木を戻して断る）
pipe: 未知の引数 --no-review（審査の段を飛ばす口は無い）
usage: scribe2 pipe <intake|preflight|spawn|approve|answer|gate|land|retire|run|show|resume|stop|report|dispatch> [--state-dir D] [--repo R（cwd は読まない＝--state-dir の無い周と便の写し面の無い周は要る）] [--rules PATH] [stop: --all [--reason WORDS（live な便が 2 本以上の周は要る）]|--run ID] [dispatch: (1 周)|ls|first|hold|release BEAD] [run|resume: --drive] [land: --terminal-only] [--runner CMD] [flags]
usage: scribe2 pipe land-window [--state-dir D] --repo R [--wait-s N]（pipeline 外の merge の前置: 開けば rc 0 の clear・待ちが切れれば rc 1 の busy）
usage: scribe2 pipe regate --run ID --reason WORDS [--state-dir D] [--repo R]（判定 FAIL の Gated を裁定の逐語つきで同じ worktree の Implemented へ 1 段戻す・最新の Gated につき 1 回）
usage: scribe2 pipe follow --run ID [--state-dir D] [--repo R]（終端でない便の木だけを main の先端へ載せ替えて段を Implemented へ戻す・gate は撃たない・衝突は木を戻して断る）
