---
source: crates/scribe2/tests/e2e/polarity.rs
expression: form
---
guard=write-set-guard timing=in-loop on-failure=fail-closed boundary=hook::guard::Decision
guard=permission-deny timing=in-loop on-failure=fail-closed boundary=hook::permission::PermissionDecision
guard=cap-guard timing=in-loop on-failure=fail-open boundary=hook::seat_guard::SeatDecision
guard=intake-unfit timing=in-loop on-failure=fail-closed boundary=pipe::declaration::Unfit
guard=spawn-budget timing=in-loop on-failure=fail-closed boundary=pipe::Budget
guard=approval-gate timing=in-loop on-failure=fail-closed boundary=pipe::approve::Approval
guard=runner-stop timing=in-loop on-failure=fail-open boundary=headless::runner::Decision
guard=runner-question timing=in-loop on-failure=fail-open boundary=headless::runner::Ending
guard=gate-check timing=post-hoc on-failure=fail-closed boundary=pipe::gate::Check
guard=gate-lens timing=post-hoc on-failure=fail-closed boundary=pipe::gate::Verdict
guard=land-main-check timing=post-hoc on-failure=fail-closed boundary=pipe::land::MainCheck
guard=store-lock timing=in-loop on-failure=fail-closed boundary=fleet::store::StoreError
guard=inject-refusal timing=in-loop on-failure=fail-closed boundary=seat::inject::Delivery
guard=cycle-refusal timing=in-loop on-failure=fail-closed boundary=seat::cycle::Cycle
polarity: guards=14 in-loop=11 post-hoc=3 fail-open=3
