---
source: crates/scribe2/tests/e2e/seat.rs
expression: form
---
usage: seat <meter --target T [--transcript PATH]|inject --target T (--text S|--file PATH)|heartbeat --target T|tick --target T --wm-dir DIR [--pointer TEXT] [--restore CMD] [--rules PATH]|cycle --target T --wm-dir DIR [--restore CMD] [--rules PATH]|externalize --target T --wm-dir DIR --anchor DIR --plan FILE --directives FILE [--user FILE] [--retire FILE] [--trigger manual|tick] [--role R] [--rules PATH]|rebrief --target T --wm-dir DIR --anchor DIR [--bd PATH] [--prefix P] [--rules PATH]|consume --target T --wm-dir DIR|register --state-dir S --target T --role R --account L --launch FILE [--anchor DIR]|launch --state-dir S --role R --target S:W [--account L] [--anchor DIR] [--model M] [--restore CMD]> [--tmux-socket PATH] [--capture-file PATH] [--state-dir PATH]
