---
source: crates/scribe2/tests/e2e/seat.rs
expression: form
---
usage: seat <register --state-dir S --target T --role R --account L --launch FILE [--anchor DIR]|launch --state-dir S --role R --target S:W [--account L] [--anchor DIR] [--model M] [--restore CMD] [--rules F]|ruling add --state-dir S --target T --words W [--bead B] [--rule ID]|ruling ls --state-dir S|tick --state-dir S --target S:W [--rules F]|tick install --state-dir S --target S:W --unit-dir U --binary PATH [--rules F]|tick uninstall --state-dir S --target S:W --unit-dir U --binary PATH [--rules F]|tick status --state-dir S [--target S:W] [--rules F]|retire --state-dir S --target S:W [--reason WORDS]|heartbeat off --state-dir S --target S:W|heartbeat on --state-dir S --target S:W|heartbeat status --state-dir S --target S:W|<label> [--orchestrator] [-c|-r ID] [--target S:W] [--model M] [--anchor DIR] [--restore CMD] [--state-dir S]> [--tmux-socket PATH] [--capture-file PATH] [--state-dir PATH]
